{
  "entries" : [
    {
      "iteration" : 0
    },
    {
      "iteration" : 1
    },
    {
      "iteration" : 2,
      "pitch" : "277.948"
    },
    {
      "iteration" : 3,
      "pitch" : "277.367"
    },
    {
      "iteration" : 4,
      "pitch" : "277.756"
    },
    {
      "iteration" : 5,
      "pitch" : "278.623"
    },
    {
      "iteration" : 6,
      "pitch" : "278.706"
    },
    {
      "iteration" : 7,
      "pitch" : "277.678"
    },
    {
      "iteration" : 8,
      "pitch" : "277.901"
    },
    {
      "iteration" : 9,
      "pitch" : "277.105"
    },
    {
      "iteration" : 10,
      "pitch" : "277.370"
    },
    {
      "iteration" : 11,
      "pitch" : "277.392"
    },
    {
      "iteration" : 12,
      "pitch" : "277.503"
    },
    {
      "iteration" : 13,
      "pitch" : "277.404"
    },
    {
      "iteration" : 14,
      "pitch" : "277.226"
    },
    {
      "iteration" : 15
    },
    {
      "iteration" : 16
    },
    {
      "iteration" : 17
    },
    {
      "iteration" : 18
    },
    {
      "iteration" : 19
    },
    {
      "iteration" : 20
    },
    {
      "iteration" : 21
    },
    {
      "iteration" : 22
    },
    {
      "iteration" : 23
    },
    {
      "iteration" : 24
    },
    {
      "iteration" : 25
    }
  ]
}