{
  "entries" : [
    {
      "iteration" : 0
    },
    {
      "iteration" : 1,
      "pitch" : "81.827"
    },
    {
      "iteration" : 2,
      "pitch" : "82.246"
    },
    {
      "iteration" : 3,
      "pitch" : "82.273"
    },
    {
      "iteration" : 4,
      "pitch" : "82.155"
    },
    {
      "iteration" : 5,
      "pitch" : "82.408"
    },
    {
      "iteration" : 6,
      "pitch" : "82.059"
    },
    {
      "iteration" : 7,
      "pitch" : "82.230"
    },
    {
      "iteration" : 8,
      "pitch" : "82.363"
    },
    {
      "iteration" : 9,
      "pitch" : "82.364"
    },
    {
      "iteration" : 10,
      "pitch" : "82.067"
    },
    {
      "iteration" : 11,
      "pitch" : "82.094"
    },
    {
      "iteration" : 12,
      "pitch" : "82.359"
    },
    {
      "iteration" : 13,
      "pitch" : "82.411"
    },
    {
      "iteration" : 14,
      "pitch" : "82.095"
    },
    {
      "iteration" : 15,
      "pitch" : "82.203"
    },
    {
      "iteration" : 16,
      "pitch" : "82.130"
    },
    {
      "iteration" : 17,
      "pitch" : "82.431"
    },
    {
      "iteration" : 18,
      "pitch" : "82.021"
    },
    {
      "iteration" : 19,
      "pitch" : "82.265"
    },
    {
      "iteration" : 20,
      "pitch" : "82.055"
    },
    {
      "iteration" : 21,
      "pitch" : "82.450"
    },
    {
      "iteration" : 22,
      "pitch" : "82.152"
    },
    {
      "iteration" : 23,
      "pitch" : "82.213"
    },
    {
      "iteration" : 24,
      "pitch" : "82.051"
    },
    {
      "iteration" : 25,
      "pitch" : "82.464"
    }
  ]
}