{
  "entries" : [
    {
      "iteration" : 0
    },
    {
      "iteration" : 1,
      "pitch" : "66.899"
    },
    {
      "iteration" : 2,
      "pitch" : "61.626"
    },
    {
      "iteration" : 3,
      "pitch" : "61.478"
    },
    {
      "iteration" : 4,
      "pitch" : "61.656"
    },
    {
      "iteration" : 5,
      "pitch" : "62.077"
    },
    {
      "iteration" : 6,
      "pitch" : "61.587"
    },
    {
      "iteration" : 7,
      "pitch" : "61.699"
    },
    {
      "iteration" : 8,
      "pitch" : "61.719"
    },
    {
      "iteration" : 9,
      "pitch" : "61.849"
    },
    {
      "iteration" : 10,
      "pitch" : "61.713"
    },
    {
      "iteration" : 11,
      "pitch" : "61.809"
    },
    {
      "iteration" : 12,
      "pitch" : "61.666"
    },
    {
      "iteration" : 13,
      "pitch" : "61.888"
    },
    {
      "iteration" : 14,
      "pitch" : "61.698"
    },
    {
      "iteration" : 15,
      "pitch" : "61.967"
    },
    {
      "iteration" : 16,
      "pitch" : "61.560"
    },
    {
      "iteration" : 17,
      "pitch" : "61.952"
    },
    {
      "iteration" : 18,
      "pitch" : "123.381"
    },
    {
      "iteration" : 19,
      "pitch" : "62.087"
    },
    {
      "iteration" : 20,
      "pitch" : "61.539"
    },
    {
      "iteration" : 21
    },
    {
      "iteration" : 22
    },
    {
      "iteration" : 23
    },
    {
      "iteration" : 24
    },
    {
      "iteration" : 25
    }
  ]
}