{
  "entries" : [
    {
      "iteration" : 0
    },
    {
      "iteration" : 1,
      "pitch" : "467.711"
    },
    {
      "iteration" : 2,
      "pitch" : "466.822"
    },
    {
      "iteration" : 3,
      "pitch" : "466.951"
    },
    {
      "iteration" : 4,
      "pitch" : "467.737"
    },
    {
      "iteration" : 5,
      "pitch" : "466.699"
    },
    {
      "iteration" : 6,
      "pitch" : "466.493"
    },
    {
      "iteration" : 7,
      "pitch" : "467.379"
    },
    {
      "iteration" : 8,
      "pitch" : "466.661"
    },
    {
      "iteration" : 9,
      "pitch" : "467.346"
    },
    {
      "iteration" : 10
    },
    {
      "iteration" : 11
    },
    {
      "iteration" : 12
    },
    {
      "iteration" : 13
    },
    {
      "iteration" : 14
    },
    {
      "iteration" : 15
    },
    {
      "iteration" : 16
    },
    {
      "iteration" : 17
    },
    {
      "iteration" : 18
    },
    {
      "iteration" : 19
    },
    {
      "iteration" : 20
    },
    {
      "iteration" : 21
    },
    {
      "iteration" : 22
    },
    {
      "iteration" : 23
    },
    {
      "iteration" : 24
    },
    {
      "iteration" : 25
    }
  ]
}