{
  "entries" : [
    {
      "iteration" : 0
    },
    {
      "iteration" : 1,
      "pitch" : "263.111"
    },
    {
      "iteration" : 2,
      "pitch" : "262.277"
    },
    {
      "iteration" : 3,
      "pitch" : "262.178"
    },
    {
      "iteration" : 4,
      "pitch" : "261.801"
    },
    {
      "iteration" : 5,
      "pitch" : "261.757"
    },
    {
      "iteration" : 6,
      "pitch" : "261.714"
    },
    {
      "iteration" : 7,
      "pitch" : "262.200"
    },
    {
      "iteration" : 8,
      "pitch" : "261.760"
    },
    {
      "iteration" : 9,
      "pitch" : "261.685"
    },
    {
      "iteration" : 10,
      "pitch" : "261.889"
    },
    {
      "iteration" : 11,
      "pitch" : "261.609"
    },
    {
      "iteration" : 12,
      "pitch" : "261.634"
    },
    {
      "iteration" : 13,
      "pitch" : "261.934"
    },
    {
      "iteration" : 14
    },
    {
      "iteration" : 15
    },
    {
      "iteration" : 16
    },
    {
      "iteration" : 17
    },
    {
      "iteration" : 18
    },
    {
      "iteration" : 19
    },
    {
      "iteration" : 20
    },
    {
      "iteration" : 21
    },
    {
      "iteration" : 22
    },
    {
      "iteration" : 23
    },
    {
      "iteration" : 24
    },
    {
      "iteration" : 25
    }
  ]
}