{
  "entries" : [
    {
      "iteration" : 0
    },
    {
      "iteration" : 1,
      "pitch" : "109.531"
    },
    {
      "iteration" : 2,
      "pitch" : "110.095"
    },
    {
      "iteration" : 3,
      "pitch" : "109.916"
    },
    {
      "iteration" : 4,
      "pitch" : "109.738"
    },
    {
      "iteration" : 5,
      "pitch" : "109.879"
    },
    {
      "iteration" : 6,
      "pitch" : "109.830"
    },
    {
      "iteration" : 7,
      "pitch" : "109.802"
    },
    {
      "iteration" : 8,
      "pitch" : "109.799"
    },
    {
      "iteration" : 9,
      "pitch" : "109.918"
    },
    {
      "iteration" : 10,
      "pitch" : "109.805"
    },
    {
      "iteration" : 11,
      "pitch" : "109.820"
    },
    {
      "iteration" : 12,
      "pitch" : "109.567"
    },
    {
      "iteration" : 13
    },
    {
      "iteration" : 14
    },
    {
      "iteration" : 15
    },
    {
      "iteration" : 16
    },
    {
      "iteration" : 17
    },
    {
      "iteration" : 18
    },
    {
      "iteration" : 19
    },
    {
      "iteration" : 20
    },
    {
      "iteration" : 21
    },
    {
      "iteration" : 22
    },
    {
      "iteration" : 23
    },
    {
      "iteration" : 24
    },
    {
      "iteration" : 25
    }
  ]
}