{
  "entries" : [
    {
      "iteration" : 0
    },
    {
      "iteration" : 1,
      "pitch" : "164.608"
    },
    {
      "iteration" : 2,
      "pitch" : "165.043"
    },
    {
      "iteration" : 3,
      "pitch" : "164.760"
    },
    {
      "iteration" : 4,
      "pitch" : "164.944"
    },
    {
      "iteration" : 5,
      "pitch" : "164.795"
    },
    {
      "iteration" : 6,
      "pitch" : "164.594"
    },
    {
      "iteration" : 7,
      "pitch" : "164.723"
    },
    {
      "iteration" : 8,
      "pitch" : "164.701"
    },
    {
      "iteration" : 9,
      "pitch" : "164.985"
    },
    {
      "iteration" : 10,
      "pitch" : "164.785"
    },
    {
      "iteration" : 11,
      "pitch" : "164.855"
    },
    {
      "iteration" : 12,
      "pitch" : "164.782"
    },
    {
      "iteration" : 13,
      "pitch" : "164.556"
    },
    {
      "iteration" : 14,
      "pitch" : "164.685"
    },
    {
      "iteration" : 15,
      "pitch" : "164.655"
    },
    {
      "iteration" : 16,
      "pitch" : "164.885"
    },
    {
      "iteration" : 17,
      "pitch" : "164.724"
    },
    {
      "iteration" : 18,
      "pitch" : "164.725"
    },
    {
      "iteration" : 19,
      "pitch" : "164.686"
    },
    {
      "iteration" : 20,
      "pitch" : "164.526"
    },
    {
      "iteration" : 21,
      "pitch" : "164.747"
    },
    {
      "iteration" : 22,
      "pitch" : "164.708"
    },
    {
      "iteration" : 23
    },
    {
      "iteration" : 24
    },
    {
      "iteration" : 25
    }
  ]
}