{
  "entries" : [
    {
      "iteration" : 0
    },
    {
      "iteration" : 1,
      "pitch" : "103.475"
    },
    {
      "iteration" : 2,
      "pitch" : "207.700"
    },
    {
      "iteration" : 3,
      "pitch" : "208.091"
    },
    {
      "iteration" : 4,
      "pitch" : "207.798"
    },
    {
      "iteration" : 5,
      "pitch" : "207.830"
    },
    {
      "iteration" : 6,
      "pitch" : "207.700"
    },
    {
      "iteration" : 7,
      "pitch" : "207.654"
    },
    {
      "iteration" : 8,
      "pitch" : "207.585"
    },
    {
      "iteration" : 9,
      "pitch" : "207.721"
    },
    {
      "iteration" : 10,
      "pitch" : "207.869"
    },
    {
      "iteration" : 11,
      "pitch" : "207.485"
    },
    {
      "iteration" : 12,
      "pitch" : "207.905"
    },
    {
      "iteration" : 13
    },
    {
      "iteration" : 14
    },
    {
      "iteration" : 15
    },
    {
      "iteration" : 16
    },
    {
      "iteration" : 17
    },
    {
      "iteration" : 18
    },
    {
      "iteration" : 19
    },
    {
      "iteration" : 20
    },
    {
      "iteration" : 21
    },
    {
      "iteration" : 22
    },
    {
      "iteration" : 23
    },
    {
      "iteration" : 24
    },
    {
      "iteration" : 25
    }
  ]
}