{
  "entries" : [
    {
      "iteration" : 0
    },
    {
      "iteration" : 1,
      "pitch" : "90.800"
    },
    {
      "iteration" : 2,
      "pitch" : "43.442"
    },
    {
      "iteration" : 3,
      "pitch" : "43.498"
    },
    {
      "iteration" : 4,
      "pitch" : "43.531"
    },
    {
      "iteration" : 5,
      "pitch" : "43.517"
    },
    {
      "iteration" : 6,
      "pitch" : "43.509"
    },
    {
      "iteration" : 7,
      "pitch" : "43.534"
    },
    {
      "iteration" : 8,
      "pitch" : "43.514"
    },
    {
      "iteration" : 9,
      "pitch" : "43.492"
    },
    {
      "iteration" : 10,
      "pitch" : "43.523"
    },
    {
      "iteration" : 11,
      "pitch" : "43.510"
    },
    {
      "iteration" : 12,
      "pitch" : "43.523"
    },
    {
      "iteration" : 13,
      "pitch" : "43.479"
    },
    {
      "iteration" : 14,
      "pitch" : "43.509"
    },
    {
      "iteration" : 15,
      "pitch" : "43.519"
    },
    {
      "iteration" : 16,
      "pitch" : "43.486"
    },
    {
      "iteration" : 17,
      "pitch" : "43.502"
    },
    {
      "iteration" : 18,
      "pitch" : "43.506"
    },
    {
      "iteration" : 19,
      "pitch" : "43.487"
    },
    {
      "iteration" : 20,
      "pitch" : "43.524"
    },
    {
      "iteration" : 21,
      "pitch" : "43.503"
    },
    {
      "iteration" : 22,
      "pitch" : "43.482"
    },
    {
      "iteration" : 23,
      "pitch" : "43.437"
    },
    {
      "iteration" : 24,
      "pitch" : "43.418"
    },
    {
      "iteration" : 25,
      "pitch" : "43.417"
    }
  ]
}