{
  "entries" : [
    {
      "iteration" : 0
    },
    {
      "iteration" : 1,
      "pitch" : "197.999"
    },
    {
      "iteration" : 2,
      "pitch" : "196.181"
    },
    {
      "iteration" : 3,
      "pitch" : "196.220"
    },
    {
      "iteration" : 4,
      "pitch" : "196.137"
    },
    {
      "iteration" : 5,
      "pitch" : "196.190"
    },
    {
      "iteration" : 6,
      "pitch" : "196.192"
    },
    {
      "iteration" : 7,
      "pitch" : "195.925"
    },
    {
      "iteration" : 8,
      "pitch" : "195.877"
    },
    {
      "iteration" : 9,
      "pitch" : "196.069"
    },
    {
      "iteration" : 10,
      "pitch" : "196.144"
    },
    {
      "iteration" : 11,
      "pitch" : "196.156"
    },
    {
      "iteration" : 12,
      "pitch" : "196.355"
    },
    {
      "iteration" : 13,
      "pitch" : "195.958"
    },
    {
      "iteration" : 14
    },
    {
      "iteration" : 15
    },
    {
      "iteration" : 16
    },
    {
      "iteration" : 17
    },
    {
      "iteration" : 18
    },
    {
      "iteration" : 19
    },
    {
      "iteration" : 20
    },
    {
      "iteration" : 21
    },
    {
      "iteration" : 22
    },
    {
      "iteration" : 23
    },
    {
      "iteration" : 24
    },
    {
      "iteration" : 25
    }
  ]
}