{
  "entries" : [
    {
      "iteration" : 0
    },
    {
      "iteration" : 1,
      "pitch" : "244.645"
    },
    {
      "iteration" : 2,
      "pitch" : "123.454"
    },
    {
      "iteration" : 3,
      "pitch" : "123.504"
    },
    {
      "iteration" : 4,
      "pitch" : "123.520"
    },
    {
      "iteration" : 5,
      "pitch" : "123.298"
    },
    {
      "iteration" : 6,
      "pitch" : "123.477"
    },
    {
      "iteration" : 7,
      "pitch" : "123.440"
    },
    {
      "iteration" : 8,
      "pitch" : "123.403"
    },
    {
      "iteration" : 9,
      "pitch" : "123.308"
    },
    {
      "iteration" : 10,
      "pitch" : "123.356"
    },
    {
      "iteration" : 11,
      "pitch" : "123.492"
    },
    {
      "iteration" : 12,
      "pitch" : "123.434"
    },
    {
      "iteration" : 13,
      "pitch" : "123.476"
    },
    {
      "iteration" : 14,
      "pitch" : "123.281"
    },
    {
      "iteration" : 15,
      "pitch" : "123.380"
    },
    {
      "iteration" : 16,
      "pitch" : "123.376"
    },
    {
      "iteration" : 17,
      "pitch" : "123.419"
    },
    {
      "iteration" : 18,
      "pitch" : "123.349"
    },
    {
      "iteration" : 19
    },
    {
      "iteration" : 20
    },
    {
      "iteration" : 21
    },
    {
      "iteration" : 22
    },
    {
      "iteration" : 23
    },
    {
      "iteration" : 24
    },
    {
      "iteration" : 25
    }
  ]
}