{
  "entries" : [
    {
      "iteration" : 0
    },
    {
      "iteration" : 1,
      "pitch" : "2074.750"
    },
    {
      "iteration" : 2,
      "pitch" : "294.046"
    },
    {
      "iteration" : 3,
      "pitch" : "294.131"
    },
    {
      "iteration" : 4,
      "pitch" : "293.930"
    },
    {
      "iteration" : 5,
      "pitch" : "293.807"
    },
    {
      "iteration" : 6,
      "pitch" : "294.418"
    },
    {
      "iteration" : 7,
      "pitch" : "293.887"
    },
    {
      "iteration" : 8,
      "pitch" : "293.865"
    },
    {
      "iteration" : 9,
      "pitch" : "293.651"
    },
    {
      "iteration" : 10,
      "pitch" : "293.545"
    },
    {
      "iteration" : 11,
      "pitch" : "293.760"
    },
    {
      "iteration" : 12,
      "pitch" : "293.526"
    },
    {
      "iteration" : 13,
      "pitch" : "294.001"
    },
    {
      "iteration" : 14
    },
    {
      "iteration" : 15
    },
    {
      "iteration" : 16
    },
    {
      "iteration" : 17
    },
    {
      "iteration" : 18
    },
    {
      "iteration" : 19
    },
    {
      "iteration" : 20
    },
    {
      "iteration" : 21
    },
    {
      "iteration" : 22
    },
    {
      "iteration" : 23
    },
    {
      "iteration" : 24
    },
    {
      "iteration" : 25
    }
  ]
}