{
  "entries" : [
    {
      "iteration" : 0
    },
    {
      "iteration" : 1,
      "pitch" : "155.652"
    },
    {
      "iteration" : 2,
      "pitch" : "155.358"
    },
    {
      "iteration" : 3,
      "pitch" : "155.469"
    },
    {
      "iteration" : 4,
      "pitch" : "155.611"
    },
    {
      "iteration" : 5,
      "pitch" : "155.673"
    },
    {
      "iteration" : 6,
      "pitch" : "155.501"
    },
    {
      "iteration" : 7,
      "pitch" : "155.564"
    },
    {
      "iteration" : 8,
      "pitch" : "155.505"
    },
    {
      "iteration" : 9,
      "pitch" : "155.526"
    },
    {
      "iteration" : 10,
      "pitch" : "155.503"
    },
    {
      "iteration" : 11,
      "pitch" : "155.647"
    },
    {
      "iteration" : 12,
      "pitch" : "155.531"
    },
    {
      "iteration" : 13,
      "pitch" : "155.384"
    },
    {
      "iteration" : 14,
      "pitch" : "155.528"
    },
    {
      "iteration" : 15,
      "pitch" : "155.542"
    },
    {
      "iteration" : 16,
      "pitch" : "155.456"
    },
    {
      "iteration" : 17,
      "pitch" : "155.497"
    },
    {
      "iteration" : 18,
      "pitch" : "155.634"
    },
    {
      "iteration" : 19,
      "pitch" : "155.505"
    },
    {
      "iteration" : 20,
      "pitch" : "155.790"
    },
    {
      "iteration" : 21,
      "pitch" : "155.768"
    },
    {
      "iteration" : 22
    },
    {
      "iteration" : 23
    },
    {
      "iteration" : 24
    },
    {
      "iteration" : 25
    }
  ]
}