{
  "entries" : [
    {
      "iteration" : 0
    },
    {
      "iteration" : 1
    },
    {
      "iteration" : 2,
      "pitch" : "69.400"
    },
    {
      "iteration" : 3,
      "pitch" : "69.137"
    },
    {
      "iteration" : 4,
      "pitch" : "69.259"
    },
    {
      "iteration" : 5,
      "pitch" : "69.154"
    },
    {
      "iteration" : 6,
      "pitch" : "69.275"
    },
    {
      "iteration" : 7,
      "pitch" : "69.275"
    },
    {
      "iteration" : 8,
      "pitch" : "69.165"
    },
    {
      "iteration" : 9,
      "pitch" : "69.537"
    },
    {
      "iteration" : 10,
      "pitch" : "69.360"
    },
    {
      "iteration" : 11,
      "pitch" : "69.378"
    },
    {
      "iteration" : 12,
      "pitch" : "69.240"
    },
    {
      "iteration" : 13,
      "pitch" : "69.330"
    },
    {
      "iteration" : 14,
      "pitch" : "69.394"
    },
    {
      "iteration" : 15,
      "pitch" : "69.357"
    },
    {
      "iteration" : 16,
      "pitch" : "69.066"
    },
    {
      "iteration" : 17,
      "pitch" : "138.653"
    },
    {
      "iteration" : 18,
      "pitch" : "69.112"
    },
    {
      "iteration" : 19
    },
    {
      "iteration" : 20
    },
    {
      "iteration" : 21
    },
    {
      "iteration" : 22
    },
    {
      "iteration" : 23
    },
    {
      "iteration" : 24
    },
    {
      "iteration" : 25
    }
  ]
}