{
  "entries" : [
    {
      "iteration" : 0
    },
    {
      "iteration" : 1,
      "pitch" : "136.308"
    },
    {
      "iteration" : 2,
      "pitch" : "32.324"
    },
    {
      "iteration" : 3,
      "pitch" : "32.521"
    },
    {
      "iteration" : 4,
      "pitch" : "32.628"
    },
    {
      "iteration" : 5,
      "pitch" : "32.594"
    },
    {
      "iteration" : 6,
      "pitch" : "32.620"
    },
    {
      "iteration" : 7,
      "pitch" : "32.644"
    },
    {
      "iteration" : 8,
      "pitch" : "32.597"
    },
    {
      "iteration" : 9,
      "pitch" : "32.620"
    },
    {
      "iteration" : 10,
      "pitch" : "32.657"
    },
    {
      "iteration" : 11,
      "pitch" : "32.568"
    },
    {
      "iteration" : 12,
      "pitch" : "32.643"
    },
    {
      "iteration" : 13,
      "pitch" : "32.627"
    },
    {
      "iteration" : 14,
      "pitch" : "32.652"
    },
    {
      "iteration" : 15,
      "pitch" : "32.607"
    },
    {
      "iteration" : 16,
      "pitch" : "32.628"
    },
    {
      "iteration" : 17,
      "pitch" : "32.600"
    },
    {
      "iteration" : 18,
      "pitch" : "32.591"
    },
    {
      "iteration" : 19,
      "pitch" : "32.569"
    },
    {
      "iteration" : 20,
      "pitch" : "32.574"
    },
    {
      "iteration" : 21,
      "pitch" : "32.603"
    },
    {
      "iteration" : 22,
      "pitch" : "32.596"
    },
    {
      "iteration" : 23,
      "pitch" : "32.581"
    },
    {
      "iteration" : 24,
      "pitch" : "32.593"
    },
    {
      "iteration" : 25,
      "pitch" : "32.628"
    }
  ]
}