{
  "entries" : [
    {
      "iteration" : 0
    },
    {
      "iteration" : 1,
      "pitch" : "133.436"
    },
    {
      "iteration" : 2,
      "pitch" : "130.830"
    },
    {
      "iteration" : 3,
      "pitch" : "130.661"
    },
    {
      "iteration" : 4,
      "pitch" : "130.623"
    },
    {
      "iteration" : 5,
      "pitch" : "130.805"
    },
    {
      "iteration" : 6,
      "pitch" : "130.406"
    },
    {
      "iteration" : 7,
      "pitch" : "130.507"
    },
    {
      "iteration" : 8,
      "pitch" : "130.538"
    },
    {
      "iteration" : 9,
      "pitch" : "130.641"
    },
    {
      "iteration" : 10,
      "pitch" : "130.558"
    },
    {
      "iteration" : 11,
      "pitch" : "130.613"
    },
    {
      "iteration" : 12,
      "pitch" : "130.624"
    },
    {
      "iteration" : 13,
      "pitch" : "130.468"
    },
    {
      "iteration" : 14,
      "pitch" : "130.643"
    },
    {
      "iteration" : 15,
      "pitch" : "130.527"
    },
    {
      "iteration" : 16,
      "pitch" : "130.679"
    },
    {
      "iteration" : 17,
      "pitch" : "130.513"
    },
    {
      "iteration" : 18
    },
    {
      "iteration" : 19
    },
    {
      "iteration" : 20
    },
    {
      "iteration" : 21
    },
    {
      "iteration" : 22
    },
    {
      "iteration" : 23
    },
    {
      "iteration" : 24
    },
    {
      "iteration" : 25
    }
  ]
}