{
  "entries" : [
    {
      "iteration" : 0
    },
    {
      "iteration" : 1,
      "pitch" : "102.793"
    },
    {
      "iteration" : 2,
      "pitch" : "103.410"
    },
    {
      "iteration" : 3,
      "pitch" : "103.906"
    },
    {
      "iteration" : 4,
      "pitch" : "103.813"
    },
    {
      "iteration" : 5,
      "pitch" : "103.690"
    },
    {
      "iteration" : 6,
      "pitch" : "103.596"
    },
    {
      "iteration" : 7,
      "pitch" : "103.887"
    },
    {
      "iteration" : 8,
      "pitch" : "103.790"
    },
    {
      "iteration" : 9,
      "pitch" : "103.492"
    },
    {
      "iteration" : 10,
      "pitch" : "103.607"
    },
    {
      "iteration" : 11,
      "pitch" : "103.753"
    },
    {
      "iteration" : 12,
      "pitch" : "103.815"
    },
    {
      "iteration" : 13,
      "pitch" : "103.596"
    },
    {
      "iteration" : 14
    },
    {
      "iteration" : 15
    },
    {
      "iteration" : 16
    },
    {
      "iteration" : 17
    },
    {
      "iteration" : 18
    },
    {
      "iteration" : 19
    },
    {
      "iteration" : 20
    },
    {
      "iteration" : 21
    },
    {
      "iteration" : 22
    },
    {
      "iteration" : 23
    },
    {
      "iteration" : 24
    },
    {
      "iteration" : 25
    }
  ]
}