{
  "entries" : [
    {
      "iteration" : 0
    },
    {
      "iteration" : 1
    },
    {
      "iteration" : 2,
      "pitch" : "27.657"
    },
    {
      "iteration" : 3,
      "pitch" : "27.216"
    },
    {
      "iteration" : 4,
      "pitch" : "54.762"
    },
    {
      "iteration" : 5,
      "pitch" : "27.448"
    },
    {
      "iteration" : 6,
      "pitch" : "27.356"
    },
    {
      "iteration" : 7,
      "pitch" : "27.419"
    },
    {
      "iteration" : 8,
      "pitch" : "27.510"
    },
    {
      "iteration" : 9,
      "pitch" : "27.447"
    },
    {
      "iteration" : 10,
      "pitch" : "27.381"
    },
    {
      "iteration" : 11,
      "pitch" : "27.418"
    },
    {
      "iteration" : 12,
      "pitch" : "27.463"
    },
    {
      "iteration" : 13,
      "pitch" : "27.411"
    },
    {
      "iteration" : 14,
      "pitch" : "27.449"
    },
    {
      "iteration" : 15,
      "pitch" : "27.417"
    },
    {
      "iteration" : 16,
      "pitch" : "27.414"
    },
    {
      "iteration" : 17,
      "pitch" : "27.417"
    },
    {
      "iteration" : 18,
      "pitch" : "27.423"
    },
    {
      "iteration" : 19,
      "pitch" : "27.460"
    },
    {
      "iteration" : 20,
      "pitch" : "27.420"
    },
    {
      "iteration" : 21,
      "pitch" : "27.409"
    },
    {
      "iteration" : 22,
      "pitch" : "27.415"
    },
    {
      "iteration" : 23,
      "pitch" : "27.425"
    },
    {
      "iteration" : 24,
      "pitch" : "27.396"
    },
    {
      "iteration" : 25,
      "pitch" : "27.407"
    }
  ]
}