{
  "entries" : [
    {
      "iteration" : 0
    },
    {
      "iteration" : 1,
      "pitch" : "349.535"
    },
    {
      "iteration" : 2,
      "pitch" : "174.321"
    },
    {
      "iteration" : 3,
      "pitch" : "174.532"
    },
    {
      "iteration" : 4,
      "pitch" : "174.373"
    },
    {
      "iteration" : 5,
      "pitch" : "174.651"
    },
    {
      "iteration" : 6,
      "pitch" : "174.496"
    },
    {
      "iteration" : 7,
      "pitch" : "174.323"
    },
    {
      "iteration" : 8,
      "pitch" : "174.490"
    },
    {
      "iteration" : 9,
      "pitch" : "174.522"
    },
    {
      "iteration" : 10,
      "pitch" : "174.489"
    },
    {
      "iteration" : 11,
      "pitch" : "174.431"
    },
    {
      "iteration" : 12,
      "pitch" : "174.360"
    },
    {
      "iteration" : 13,
      "pitch" : "174.474"
    },
    {
      "iteration" : 14,
      "pitch" : "174.477"
    },
    {
      "iteration" : 15,
      "pitch" : "174.420"
    },
    {
      "iteration" : 16,
      "pitch" : "174.343"
    },
    {
      "iteration" : 17,
      "pitch" : "174.484"
    },
    {
      "iteration" : 18
    },
    {
      "iteration" : 19
    },
    {
      "iteration" : 20
    },
    {
      "iteration" : 21
    },
    {
      "iteration" : 22
    },
    {
      "iteration" : 23
    },
    {
      "iteration" : 24
    },
    {
      "iteration" : 25
    }
  ]
}