{
  "entries" : [
    {
      "iteration" : 0
    },
    {
      "iteration" : 1
    },
    {
      "iteration" : 2,
      "pitch" : "73.196"
    },
    {
      "iteration" : 3,
      "pitch" : "73.082"
    },
    {
      "iteration" : 4,
      "pitch" : "73.816"
    },
    {
      "iteration" : 5,
      "pitch" : "73.387"
    },
    {
      "iteration" : 6,
      "pitch" : "73.652"
    },
    {
      "iteration" : 7,
      "pitch" : "73.734"
    },
    {
      "iteration" : 8,
      "pitch" : "73.473"
    },
    {
      "iteration" : 9,
      "pitch" : "73.653"
    },
    {
      "iteration" : 10,
      "pitch" : "73.428"
    },
    {
      "iteration" : 11,
      "pitch" : "73.583"
    },
    {
      "iteration" : 12,
      "pitch" : "73.334"
    },
    {
      "iteration" : 13,
      "pitch" : "73.815"
    },
    {
      "iteration" : 14,
      "pitch" : "73.286"
    },
    {
      "iteration" : 15,
      "pitch" : "73.593"
    },
    {
      "iteration" : 16,
      "pitch" : "73.627"
    },
    {
      "iteration" : 17,
      "pitch" : "73.371"
    },
    {
      "iteration" : 18
    },
    {
      "iteration" : 19
    },
    {
      "iteration" : 20
    },
    {
      "iteration" : 21
    },
    {
      "iteration" : 22
    },
    {
      "iteration" : 23
    },
    {
      "iteration" : 24
    },
    {
      "iteration" : 25
    }
  ]
}