{
  "entries" : [
    {
      "iteration" : 0
    },
    {
      "iteration" : 1
    },
    {
      "iteration" : 2,
      "pitch" : "58.425"
    },
    {
      "iteration" : 3,
      "pitch" : "58.174"
    },
    {
      "iteration" : 4,
      "pitch" : "58.211"
    },
    {
      "iteration" : 5,
      "pitch" : "58.003"
    },
    {
      "iteration" : 6,
      "pitch" : "58.272"
    },
    {
      "iteration" : 7,
      "pitch" : "58.033"
    },
    {
      "iteration" : 8,
      "pitch" : "58.165"
    },
    {
      "iteration" : 9,
      "pitch" : "57.994"
    },
    {
      "iteration" : 10,
      "pitch" : "58.225"
    },
    {
      "iteration" : 11,
      "pitch" : "58.100"
    },
    {
      "iteration" : 12,
      "pitch" : "58.163"
    },
    {
      "iteration" : 13,
      "pitch" : "57.946"
    },
    {
      "iteration" : 14,
      "pitch" : "58.336"
    },
    {
      "iteration" : 15,
      "pitch" : "58.155"
    },
    {
      "iteration" : 16,
      "pitch" : "57.991"
    },
    {
      "iteration" : 17,
      "pitch" : "58.036"
    },
    {
      "iteration" : 18,
      "pitch" : "58.248"
    },
    {
      "iteration" : 19,
      "pitch" : "58.220"
    },
    {
      "iteration" : 20
    },
    {
      "iteration" : 21
    },
    {
      "iteration" : 22
    },
    {
      "iteration" : 23
    },
    {
      "iteration" : 24
    },
    {
      "iteration" : 25
    }
  ]
}