{
  "entries" : [
    {
      "iteration" : 0
    },
    {
      "iteration" : 1,
      "pitch" : "233.115"
    },
    {
      "iteration" : 2,
      "pitch" : "233.363"
    },
    {
      "iteration" : 3,
      "pitch" : "233.360"
    },
    {
      "iteration" : 4,
      "pitch" : "233.253"
    },
    {
      "iteration" : 5,
      "pitch" : "233.295"
    },
    {
      "iteration" : 6,
      "pitch" : "233.047"
    },
    {
      "iteration" : 7,
      "pitch" : "233.225"
    },
    {
      "iteration" : 8,
      "pitch" : "233.466"
    },
    {
      "iteration" : 9,
      "pitch" : "233.117"
    },
    {
      "iteration" : 10,
      "pitch" : "232.824"
    },
    {
      "iteration" : 11,
      "pitch" : "233.052"
    },
    {
      "iteration" : 12,
      "pitch" : "233.403"
    },
    {
      "iteration" : 13
    },
    {
      "iteration" : 14
    },
    {
      "iteration" : 15
    },
    {
      "iteration" : 16
    },
    {
      "iteration" : 17
    },
    {
      "iteration" : 18
    },
    {
      "iteration" : 19
    },
    {
      "iteration" : 20
    },
    {
      "iteration" : 21
    },
    {
      "iteration" : 22
    },
    {
      "iteration" : 23
    },
    {
      "iteration" : 24
    },
    {
      "iteration" : 25
    }
  ]
}