{
  "entries" : [
    {
      "iteration" : 0
    },
    {
      "iteration" : 1,
      "pitch" : "92.570"
    },
    {
      "iteration" : 2,
      "pitch" : "92.668"
    },
    {
      "iteration" : 3,
      "pitch" : "92.132"
    },
    {
      "iteration" : 4,
      "pitch" : "92.181"
    },
    {
      "iteration" : 5,
      "pitch" : "92.326"
    },
    {
      "iteration" : 6,
      "pitch" : "92.187"
    },
    {
      "iteration" : 7,
      "pitch" : "92.091"
    },
    {
      "iteration" : 8,
      "pitch" : "92.323"
    },
    {
      "iteration" : 9,
      "pitch" : "92.153"
    },
    {
      "iteration" : 10,
      "pitch" : "92.286"
    },
    {
      "iteration" : 11,
      "pitch" : "92.112"
    },
    {
      "iteration" : 12,
      "pitch" : "92.141"
    },
    {
      "iteration" : 13,
      "pitch" : "92.308"
    },
    {
      "iteration" : 14,
      "pitch" : "92.382"
    },
    {
      "iteration" : 15,
      "pitch" : "92.409"
    },
    {
      "iteration" : 16,
      "pitch" : "92.084"
    },
    {
      "iteration" : 17,
      "pitch" : "92.363"
    },
    {
      "iteration" : 18,
      "pitch" : "92.305"
    },
    {
      "iteration" : 19,
      "pitch" : "92.425"
    },
    {
      "iteration" : 20,
      "pitch" : "92.304"
    },
    {
      "iteration" : 21,
      "pitch" : "92.042"
    },
    {
      "iteration" : 22,
      "pitch" : "92.094"
    },
    {
      "iteration" : 23,
      "pitch" : "92.029"
    },
    {
      "iteration" : 24,
      "pitch" : "92.292"
    },
    {
      "iteration" : 25
    }
  ]
}