{
  "entries" : [
    {
      "iteration" : 0
    },
    {
      "iteration" : 1
    },
    {
      "iteration" : 2,
      "pitch" : "28.964"
    },
    {
      "iteration" : 3,
      "pitch" : "28.919"
    },
    {
      "iteration" : 4,
      "pitch" : "29.092"
    },
    {
      "iteration" : 5,
      "pitch" : "29.082"
    },
    {
      "iteration" : 6,
      "pitch" : "29.067"
    },
    {
      "iteration" : 7,
      "pitch" : "29.076"
    },
    {
      "iteration" : 8,
      "pitch" : "29.152"
    },
    {
      "iteration" : 9,
      "pitch" : "29.102"
    },
    {
      "iteration" : 10,
      "pitch" : "29.053"
    },
    {
      "iteration" : 11,
      "pitch" : "29.113"
    },
    {
      "iteration" : 12,
      "pitch" : "29.071"
    },
    {
      "iteration" : 13,
      "pitch" : "29.121"
    },
    {
      "iteration" : 14,
      "pitch" : "29.082"
    },
    {
      "iteration" : 15,
      "pitch" : "29.113"
    },
    {
      "iteration" : 16,
      "pitch" : "29.110"
    },
    {
      "iteration" : 17,
      "pitch" : "29.021"
    },
    {
      "iteration" : 18,
      "pitch" : "29.159"
    },
    {
      "iteration" : 19,
      "pitch" : "29.116"
    },
    {
      "iteration" : 20,
      "pitch" : "29.104"
    },
    {
      "iteration" : 21,
      "pitch" : "29.085"
    },
    {
      "iteration" : 22,
      "pitch" : "29.181"
    },
    {
      "iteration" : 23,
      "pitch" : "29.147"
    },
    {
      "iteration" : 24,
      "pitch" : "29.035"
    },
    {
      "iteration" : 25,
      "pitch" : "29.076"
    }
  ]
}