{
  "entries" : [
    {
      "iteration" : 0
    },
    {
      "iteration" : 1,
      "pitch" : "415.116"
    },
    {
      "iteration" : 2,
      "pitch" : "416.220"
    },
    {
      "iteration" : 3,
      "pitch" : "415.893"
    },
    {
      "iteration" : 4,
      "pitch" : "415.659"
    },
    {
      "iteration" : 5,
      "pitch" : "416.262"
    },
    {
      "iteration" : 6,
      "pitch" : "416.253"
    },
    {
      "iteration" : 7,
      "pitch" : "415.521"
    },
    {
      "iteration" : 8,
      "pitch" : "416.349"
    },
    {
      "iteration" : 9,
      "pitch" : "416.603"
    },
    {
      "iteration" : 10,
      "pitch" : "416.166"
    },
    {
      "iteration" : 11,
      "pitch" : "416.747"
    },
    {
      "iteration" : 12
    },
    {
      "iteration" : 13
    },
    {
      "iteration" : 14
    },
    {
      "iteration" : 15
    },
    {
      "iteration" : 16
    },
    {
      "iteration" : 17
    },
    {
      "iteration" : 18
    },
    {
      "iteration" : 19
    },
    {
      "iteration" : 20
    },
    {
      "iteration" : 21
    },
    {
      "iteration" : 22
    },
    {
      "iteration" : 23
    },
    {
      "iteration" : 24
    },
    {
      "iteration" : 25
    }
  ]
}