{
  "entries" : [
    {
      "iteration" : 0
    },
    {
      "iteration" : 1
    },
    {
      "iteration" : 2,
      "pitch" : "54.984"
    },
    {
      "iteration" : 3,
      "pitch" : "54.586"
    },
    {
      "iteration" : 4,
      "pitch" : "54.863"
    },
    {
      "iteration" : 5,
      "pitch" : "54.804"
    },
    {
      "iteration" : 6,
      "pitch" : "54.848"
    },
    {
      "iteration" : 7,
      "pitch" : "54.415"
    },
    {
      "iteration" : 8,
      "pitch" : "54.669"
    },
    {
      "iteration" : 9,
      "pitch" : "54.789"
    },
    {
      "iteration" : 10,
      "pitch" : "54.720"
    },
    {
      "iteration" : 11,
      "pitch" : "54.713"
    },
    {
      "iteration" : 12,
      "pitch" : "54.865"
    },
    {
      "iteration" : 13,
      "pitch" : "54.787"
    },
    {
      "iteration" : 14,
      "pitch" : "54.760"
    },
    {
      "iteration" : 15,
      "pitch" : "54.523"
    },
    {
      "iteration" : 16,
      "pitch" : "54.716"
    },
    {
      "iteration" : 17,
      "pitch" : "54.780"
    },
    {
      "iteration" : 18,
      "pitch" : "54.643"
    },
    {
      "iteration" : 19,
      "pitch" : "54.853"
    },
    {
      "iteration" : 20,
      "pitch" : "54.593"
    },
    {
      "iteration" : 21,
      "pitch" : "54.497"
    },
    {
      "iteration" : 22,
      "pitch" : "54.622"
    },
    {
      "iteration" : 23
    },
    {
      "iteration" : 24
    },
    {
      "iteration" : 25
    }
  ]
}