{
  "entries" : [
    {
      "iteration" : 0
    },
    {
      "iteration" : 1,
      "pitch" : "114.126"
    },
    {
      "iteration" : 2,
      "pitch" : "116.435"
    },
    {
      "iteration" : 3,
      "pitch" : "116.641"
    },
    {
      "iteration" : 4,
      "pitch" : "116.493"
    },
    {
      "iteration" : 5,
      "pitch" : "116.443"
    },
    {
      "iteration" : 6,
      "pitch" : "116.232"
    },
    {
      "iteration" : 7,
      "pitch" : "116.421"
    },
    {
      "iteration" : 8,
      "pitch" : "116.469"
    },
    {
      "iteration" : 9,
      "pitch" : "116.414"
    },
    {
      "iteration" : 10,
      "pitch" : "116.428"
    },
    {
      "iteration" : 11,
      "pitch" : "116.173"
    },
    {
      "iteration" : 12,
      "pitch" : "116.186"
    },
    {
      "iteration" : 13
    },
    {
      "iteration" : 14
    },
    {
      "iteration" : 15
    },
    {
      "iteration" : 16
    },
    {
      "iteration" : 17
    },
    {
      "iteration" : 18
    },
    {
      "iteration" : 19
    },
    {
      "iteration" : 20
    },
    {
      "iteration" : 21
    },
    {
      "iteration" : 22
    },
    {
      "iteration" : 23
    },
    {
      "iteration" : 24
    },
    {
      "iteration" : 25
    }
  ]
}