{
  "entries" : [
    {
      "iteration" : 0
    },
    {
      "iteration" : 1,
      "pitch" : "328.821"
    },
    {
      "iteration" : 2,
      "pitch" : "330.618"
    },
    {
      "iteration" : 3,
      "pitch" : "330.067"
    },
    {
      "iteration" : 4,
      "pitch" : "330.144"
    },
    {
      "iteration" : 5,
      "pitch" : "330.074"
    },
    {
      "iteration" : 6,
      "pitch" : "329.852"
    },
    {
      "iteration" : 7,
      "pitch" : "329.716"
    },
    {
      "iteration" : 8,
      "pitch" : "330.118"
    },
    {
      "iteration" : 9
    },
    {
      "iteration" : 10
    },
    {
      "iteration" : 11
    },
    {
      "iteration" : 12
    },
    {
      "iteration" : 13
    },
    {
      "iteration" : 14
    },
    {
      "iteration" : 15
    },
    {
      "iteration" : 16
    },
    {
      "iteration" : 17
    },
    {
      "iteration" : 18
    },
    {
      "iteration" : 19
    },
    {
      "iteration" : 20
    },
    {
      "iteration" : 21
    },
    {
      "iteration" : 22
    },
    {
      "iteration" : 23
    },
    {
      "iteration" : 24
    },
    {
      "iteration" : 25
    }
  ]
}