{
  "entries" : [
    {
      "iteration" : 0
    },
    {
      "iteration" : 1,
      "pitch" : "94.630"
    },
    {
      "iteration" : 2,
      "pitch" : "34.416"
    },
    {
      "iteration" : 3,
      "pitch" : "34.582"
    },
    {
      "iteration" : 4,
      "pitch" : "34.634"
    },
    {
      "iteration" : 5,
      "pitch" : "34.636"
    },
    {
      "iteration" : 6,
      "pitch" : "34.591"
    },
    {
      "iteration" : 7,
      "pitch" : "34.592"
    },
    {
      "iteration" : 8,
      "pitch" : "34.518"
    },
    {
      "iteration" : 9,
      "pitch" : "34.643"
    },
    {
      "iteration" : 10,
      "pitch" : "34.665"
    },
    {
      "iteration" : 11,
      "pitch" : "34.583"
    },
    {
      "iteration" : 12,
      "pitch" : "34.625"
    },
    {
      "iteration" : 13,
      "pitch" : "34.626"
    },
    {
      "iteration" : 14,
      "pitch" : "34.574"
    },
    {
      "iteration" : 15,
      "pitch" : "34.589"
    },
    {
      "iteration" : 16,
      "pitch" : "34.676"
    },
    {
      "iteration" : 17,
      "pitch" : "34.676"
    },
    {
      "iteration" : 18,
      "pitch" : "34.580"
    },
    {
      "iteration" : 19,
      "pitch" : "34.775"
    },
    {
      "iteration" : 20,
      "pitch" : "34.538"
    },
    {
      "iteration" : 21,
      "pitch" : "34.603"
    },
    {
      "iteration" : 22,
      "pitch" : "34.604"
    },
    {
      "iteration" : 23,
      "pitch" : "34.536"
    },
    {
      "iteration" : 24,
      "pitch" : "34.634"
    },
    {
      "iteration" : 25,
      "pitch" : "34.582"
    }
  ]
}