{
  "entries" : [
    {
      "iteration" : 0
    },
    {
      "iteration" : 1
    },
    {
      "iteration" : 2,
      "pitch" : "65.130"
    },
    {
      "iteration" : 3,
      "pitch" : "65.037"
    },
    {
      "iteration" : 4,
      "pitch" : "65.496"
    },
    {
      "iteration" : 5,
      "pitch" : "65.468"
    },
    {
      "iteration" : 6,
      "pitch" : "65.485"
    },
    {
      "iteration" : 7,
      "pitch" : "65.589"
    },
    {
      "iteration" : 8,
      "pitch" : "65.566"
    },
    {
      "iteration" : 9,
      "pitch" : "65.391"
    },
    {
      "iteration" : 10,
      "pitch" : "65.503"
    },
    {
      "iteration" : 11,
      "pitch" : "65.542"
    },
    {
      "iteration" : 12,
      "pitch" : "65.398"
    },
    {
      "iteration" : 13,
      "pitch" : "65.605"
    },
    {
      "iteration" : 14,
      "pitch" : "65.256"
    },
    {
      "iteration" : 15,
      "pitch" : "65.626"
    },
    {
      "iteration" : 16,
      "pitch" : "65.322"
    },
    {
      "iteration" : 17,
      "pitch" : "65.570"
    },
    {
      "iteration" : 18,
      "pitch" : "65.342"
    },
    {
      "iteration" : 19,
      "pitch" : "65.329"
    },
    {
      "iteration" : 20
    },
    {
      "iteration" : 21
    },
    {
      "iteration" : 22
    },
    {
      "iteration" : 23
    },
    {
      "iteration" : 24
    },
    {
      "iteration" : 25
    }
  ]
}