{
  "entries" : [
    {
      "iteration" : 0
    },
    {
      "iteration" : 1,
      "pitch" : "349.893"
    },
    {
      "iteration" : 2,
      "pitch" : "349.907"
    },
    {
      "iteration" : 3,
      "pitch" : "349.683"
    },
    {
      "iteration" : 4,
      "pitch" : "349.492"
    },
    {
      "iteration" : 5,
      "pitch" : "349.314"
    },
    {
      "iteration" : 6,
      "pitch" : "349.562"
    },
    {
      "iteration" : 7,
      "pitch" : "349.560"
    },
    {
      "iteration" : 8,
      "pitch" : "349.911"
    },
    {
      "iteration" : 9
    },
    {
      "iteration" : 10
    },
    {
      "iteration" : 11
    },
    {
      "iteration" : 12
    },
    {
      "iteration" : 13
    },
    {
      "iteration" : 14
    },
    {
      "iteration" : 15
    },
    {
      "iteration" : 16
    },
    {
      "iteration" : 17
    },
    {
      "iteration" : 18
    },
    {
      "iteration" : 19
    },
    {
      "iteration" : 20
    },
    {
      "iteration" : 21
    },
    {
      "iteration" : 22
    },
    {
      "iteration" : 23
    },
    {
      "iteration" : 24
    },
    {
      "iteration" : 25
    }
  ]
}