{
  "entries" : [
    {
      "iteration" : 0
    },
    {
      "iteration" : 1,
      "pitch" : "390.640"
    },
    {
      "iteration" : 2,
      "pitch" : "392.973"
    },
    {
      "iteration" : 3,
      "pitch" : "392.746"
    },
    {
      "iteration" : 4,
      "pitch" : "392.425"
    },
    {
      "iteration" : 5,
      "pitch" : "391.906"
    },
    {
      "iteration" : 6,
      "pitch" : "392.331"
    },
    {
      "iteration" : 7,
      "pitch" : "392.094"
    },
    {
      "iteration" : 8,
      "pitch" : "393.167"
    },
    {
      "iteration" : 9,
      "pitch" : "392.704"
    },
    {
      "iteration" : 10,
      "pitch" : "391.937"
    },
    {
      "iteration" : 11,
      "pitch" : "391.851"
    },
    {
      "iteration" : 12,
      "pitch" : "391.933"
    },
    {
      "iteration" : 13
    },
    {
      "iteration" : 14
    },
    {
      "iteration" : 15
    },
    {
      "iteration" : 16
    },
    {
      "iteration" : 17
    },
    {
      "iteration" : 18
    },
    {
      "iteration" : 19
    },
    {
      "iteration" : 20
    },
    {
      "iteration" : 21
    },
    {
      "iteration" : 22
    },
    {
      "iteration" : 23
    },
    {
      "iteration" : 24
    },
    {
      "iteration" : 25
    }
  ]
}