{
  "entries" : [
    {
      "iteration" : 0
    },
    {
      "iteration" : 1,
      "pitch" : "92.136"
    },
    {
      "iteration" : 2,
      "pitch" : "46.089"
    },
    {
      "iteration" : 3,
      "pitch" : "46.061"
    },
    {
      "iteration" : 4,
      "pitch" : "46.153"
    },
    {
      "iteration" : 5,
      "pitch" : "46.154"
    },
    {
      "iteration" : 6,
      "pitch" : "46.125"
    },
    {
      "iteration" : 7,
      "pitch" : "46.178"
    },
    {
      "iteration" : 8,
      "pitch" : "46.187"
    },
    {
      "iteration" : 9,
      "pitch" : "46.192"
    },
    {
      "iteration" : 10,
      "pitch" : "46.104"
    },
    {
      "iteration" : 11,
      "pitch" : "46.115"
    },
    {
      "iteration" : 12,
      "pitch" : "46.172"
    },
    {
      "iteration" : 13,
      "pitch" : "46.148"
    },
    {
      "iteration" : 14,
      "pitch" : "46.136"
    },
    {
      "iteration" : 15,
      "pitch" : "46.141"
    },
    {
      "iteration" : 16,
      "pitch" : "46.133"
    },
    {
      "iteration" : 17,
      "pitch" : "46.166"
    },
    {
      "iteration" : 18,
      "pitch" : "46.163"
    },
    {
      "iteration" : 19,
      "pitch" : "46.072"
    },
    {
      "iteration" : 20,
      "pitch" : "46.130"
    },
    {
      "iteration" : 21,
      "pitch" : "46.114"
    },
    {
      "iteration" : 22,
      "pitch" : "46.094"
    },
    {
      "iteration" : 23,
      "pitch" : "46.052"
    },
    {
      "iteration" : 24,
      "pitch" : "91.997"
    },
    {
      "iteration" : 25,
      "pitch" : "46.070"
    }
  ]
}