{
  "entries" : [
    {
      "iteration" : 0
    },
    {
      "iteration" : 1,
      "pitch" : "220.336"
    },
    {
      "iteration" : 2,
      "pitch" : "220.452"
    },
    {
      "iteration" : 3,
      "pitch" : "220.618"
    },
    {
      "iteration" : 4,
      "pitch" : "220.111"
    },
    {
      "iteration" : 5,
      "pitch" : "220.064"
    },
    {
      "iteration" : 6,
      "pitch" : "220.696"
    },
    {
      "iteration" : 7,
      "pitch" : "220.241"
    },
    {
      "iteration" : 8,
      "pitch" : "219.977"
    },
    {
      "iteration" : 9,
      "pitch" : "220.006"
    },
    {
      "iteration" : 10,
      "pitch" : "220.133"
    },
    {
      "iteration" : 11,
      "pitch" : "220.037"
    },
    {
      "iteration" : 12,
      "pitch" : "219.973"
    },
    {
      "iteration" : 13
    },
    {
      "iteration" : 14
    },
    {
      "iteration" : 15
    },
    {
      "iteration" : 16
    },
    {
      "iteration" : 17
    },
    {
      "iteration" : 18
    },
    {
      "iteration" : 19
    },
    {
      "iteration" : 20
    },
    {
      "iteration" : 21
    },
    {
      "iteration" : 22
    },
    {
      "iteration" : 23
    },
    {
      "iteration" : 24
    },
    {
      "iteration" : 25
    }
  ]
}