{
  "entries" : [
    {
      "iteration" : 0
    },
    {
      "iteration" : 1,
      "pitch" : "244.469"
    },
    {
      "iteration" : 2,
      "pitch" : "247.221"
    },
    {
      "iteration" : 3,
      "pitch" : "247.203"
    },
    {
      "iteration" : 4,
      "pitch" : "247.112"
    },
    {
      "iteration" : 5,
      "pitch" : "246.969"
    },
    {
      "iteration" : 6,
      "pitch" : "247.032"
    },
    {
      "iteration" : 7,
      "pitch" : "246.831"
    },
    {
      "iteration" : 8,
      "pitch" : "246.844"
    },
    {
      "iteration" : 9,
      "pitch" : "246.902"
    },
    {
      "iteration" : 10,
      "pitch" : "246.840"
    },
    {
      "iteration" : 11,
      "pitch" : "246.855"
    },
    {
      "iteration" : 12,
      "pitch" : "246.878"
    },
    {
      "iteration" : 13,
      "pitch" : "246.855"
    },
    {
      "iteration" : 14,
      "pitch" : "246.855"
    },
    {
      "iteration" : 15
    },
    {
      "iteration" : 16
    },
    {
      "iteration" : 17
    },
    {
      "iteration" : 18
    },
    {
      "iteration" : 19
    },
    {
      "iteration" : 20
    },
    {
      "iteration" : 21
    },
    {
      "iteration" : 22
    },
    {
      "iteration" : 23
    },
    {
      "iteration" : 24
    },
    {
      "iteration" : 25
    }
  ]
}