{
  "entries" : [
    {
      "iteration" : 0
    },
    {
      "iteration" : 1,
      "pitch" : "182.004"
    },
    {
      "iteration" : 2,
      "pitch" : "184.916"
    },
    {
      "iteration" : 3,
      "pitch" : "184.691"
    },
    {
      "iteration" : 4,
      "pitch" : "184.675"
    },
    {
      "iteration" : 5,
      "pitch" : "184.829"
    },
    {
      "iteration" : 6,
      "pitch" : "184.881"
    },
    {
      "iteration" : 7,
      "pitch" : "184.732"
    },
    {
      "iteration" : 8,
      "pitch" : "184.806"
    },
    {
      "iteration" : 9,
      "pitch" : "184.791"
    },
    {
      "iteration" : 10,
      "pitch" : "184.792"
    },
    {
      "iteration" : 11,
      "pitch" : "184.777"
    },
    {
      "iteration" : 12,
      "pitch" : "184.716"
    },
    {
      "iteration" : 13,
      "pitch" : "184.787"
    },
    {
      "iteration" : 14,
      "pitch" : "184.793"
    },
    {
      "iteration" : 15,
      "pitch" : "184.702"
    },
    {
      "iteration" : 16,
      "pitch" : "184.743"
    },
    {
      "iteration" : 17,
      "pitch" : "184.626"
    },
    {
      "iteration" : 18,
      "pitch" : "184.594"
    },
    {
      "iteration" : 19,
      "pitch" : "184.647"
    },
    {
      "iteration" : 20,
      "pitch" : "184.675"
    },
    {
      "iteration" : 21,
      "pitch" : "184.602"
    },
    {
      "iteration" : 22
    },
    {
      "iteration" : 23
    },
    {
      "iteration" : 24
    },
    {
      "iteration" : 25
    }
  ]
}