{
  "entries" : [
    {
      "iteration" : 0
    },
    {
      "iteration" : 1,
      "pitch" : "93.052"
    },
    {
      "iteration" : 2,
      "pitch" : "97.791"
    },
    {
      "iteration" : 3,
      "pitch" : "97.967"
    },
    {
      "iteration" : 4,
      "pitch" : "97.745"
    },
    {
      "iteration" : 5,
      "pitch" : "97.819"
    },
    {
      "iteration" : 6,
      "pitch" : "97.734"
    },
    {
      "iteration" : 7,
      "pitch" : "97.735"
    },
    {
      "iteration" : 8,
      "pitch" : "97.824"
    },
    {
      "iteration" : 9,
      "pitch" : "97.733"
    },
    {
      "iteration" : 10,
      "pitch" : "97.911"
    },
    {
      "iteration" : 11,
      "pitch" : "97.870"
    },
    {
      "iteration" : 12,
      "pitch" : "97.861"
    },
    {
      "iteration" : 13,
      "pitch" : "97.505"
    },
    {
      "iteration" : 14,
      "pitch" : "97.657"
    },
    {
      "iteration" : 15
    },
    {
      "iteration" : 16
    },
    {
      "iteration" : 17
    },
    {
      "iteration" : 18
    },
    {
      "iteration" : 19
    },
    {
      "iteration" : 20
    },
    {
      "iteration" : 21
    },
    {
      "iteration" : 22
    },
    {
      "iteration" : 23
    },
    {
      "iteration" : 24
    },
    {
      "iteration" : 25
    }
  ]
}