{
  "entries" : [
    {
      "iteration" : 0
    },
    {
      "iteration" : 1,
      "pitch" : "80.204"
    },
    {
      "iteration" : 2,
      "pitch" : "77.714"
    },
    {
      "iteration" : 3,
      "pitch" : "77.276"
    },
    {
      "iteration" : 4,
      "pitch" : "77.492"
    },
    {
      "iteration" : 5,
      "pitch" : "77.591"
    },
    {
      "iteration" : 6,
      "pitch" : "77.632"
    },
    {
      "iteration" : 7,
      "pitch" : "77.483"
    },
    {
      "iteration" : 8,
      "pitch" : "77.460"
    },
    {
      "iteration" : 9,
      "pitch" : "77.540"
    },
    {
      "iteration" : 10,
      "pitch" : "77.479"
    },
    {
      "iteration" : 11,
      "pitch" : "77.652"
    },
    {
      "iteration" : 12,
      "pitch" : "77.480"
    },
    {
      "iteration" : 13,
      "pitch" : "77.396"
    },
    {
      "iteration" : 14,
      "pitch" : "77.567"
    },
    {
      "iteration" : 15,
      "pitch" : "77.426"
    },
    {
      "iteration" : 16,
      "pitch" : "77.567"
    },
    {
      "iteration" : 17,
      "pitch" : "77.355"
    },
    {
      "iteration" : 18,
      "pitch" : "77.429"
    },
    {
      "iteration" : 19,
      "pitch" : "77.632"
    },
    {
      "iteration" : 20,
      "pitch" : "77.480"
    },
    {
      "iteration" : 21,
      "pitch" : "77.474"
    },
    {
      "iteration" : 22,
      "pitch" : "77.410"
    },
    {
      "iteration" : 23,
      "pitch" : "77.499"
    },
    {
      "iteration" : 24,
      "pitch" : "77.624"
    },
    {
      "iteration" : 25,
      "pitch" : "77.472"
    }
  ]
}