{
  "entries" : [
    {
      "iteration" : 0
    },
    {
      "iteration" : 1,
      "pitch" : "141.818"
    },
    {
      "iteration" : 2,
      "pitch" : "138.700"
    },
    {
      "iteration" : 3,
      "pitch" : "138.380"
    },
    {
      "iteration" : 4,
      "pitch" : "138.660"
    },
    {
      "iteration" : 5,
      "pitch" : "138.519"
    },
    {
      "iteration" : 6,
      "pitch" : "138.315"
    },
    {
      "iteration" : 7,
      "pitch" : "138.334"
    },
    {
      "iteration" : 8,
      "pitch" : "138.589"
    },
    {
      "iteration" : 9,
      "pitch" : "138.318"
    },
    {
      "iteration" : 10,
      "pitch" : "138.288"
    },
    {
      "iteration" : 11,
      "pitch" : "138.415"
    },
    {
      "iteration" : 12,
      "pitch" : "138.303"
    },
    {
      "iteration" : 13,
      "pitch" : "138.283"
    },
    {
      "iteration" : 14,
      "pitch" : "138.370"
    },
    {
      "iteration" : 15,
      "pitch" : "138.439"
    },
    {
      "iteration" : 16,
      "pitch" : "138.415"
    },
    {
      "iteration" : 17,
      "pitch" : "138.422"
    },
    {
      "iteration" : 18,
      "pitch" : "138.540"
    },
    {
      "iteration" : 19
    },
    {
      "iteration" : 20
    },
    {
      "iteration" : 21
    },
    {
      "iteration" : 22
    },
    {
      "iteration" : 23
    },
    {
      "iteration" : 24
    },
    {
      "iteration" : 25
    }
  ]
}